Microchip MPLAB XC8 Compiler V1.41 ()

Linker command line:

-W-3 --edf=C:\Program Files (x86)\Microchip\xc8\v1.41\dat\en_msgs.txt -cs \
  -h+dist/default/production\RS485.X.production.sym \
  --cmf=dist/default/production\RS485.X.production.cmf -z -Q16F882 \
  -oC:\Users\khalid\AppData\Local\Temp\s12s.2 \
  -Mdist/default/production/RS485.X.production.map -E1 -ver=XC8 \
  -ASTACK=0ABh-0bfh -pstack=STACK -ACODE=00h-07FFh -ASTRCODE=00h-07FFh \
  -ASTRING=00h-0FFhx8 -ACONST=00h-0FFhx8 -AENTRY=00h-0FFhx8 \
  -ACOMMON=070h-07Fh -ABANK0=020h-06Fh -ABANK1=0A0h-0BFh \
  -ARAM=020h-06Fh,0A0h-0BFh -AABS1=020h-07Fh,0A0h-0BFh -ASFR0=00h-01Fh \
  -ASFR1=080h-09Fh -ASFR2=0100h-016Fh -ASFR3=0180h-01EFh \
  -preset_vec=00h,intentry=04h,init,end_init -ppowerup=CODE -pcinit=CODE \
  -pfunctab=CODE -ACONFIG=02007h-02008h -pconfig=CONFIG -DCONFIG=2 \
  -AIDLOC=02000h-02003h -pidloc=IDLOC -DIDLOC=2 -AEEDATA=00h-07Fh/02100h \
  -peeprom_data=EEDATA -DEEDATA=2 -DCODE=2 -DSTRCODE=2 -DSTRING=2 -DCONST=2 \
  -DENTRY=2 -k C:\Users\khalid\AppData\Local\Temp\s12s.obj \
  dist/default/production\RS485.X.production.obj 

Object code version is 3.11

Machine type is 16F882



                Name                               Link     Load   Length Selector   Space Scale
C:\Users\khalid\AppData\Local\Temp\s12s.obj
                end_init                             10       10        1        8       0
                reset_vec                             0        0        1        0       0
                config                             2007     2007        2     400E       0
dist/default/production\RS485.X.production.obj
                cinit                                11       11        D        8       0
                functab                             100      100        8        2       0
                intentry                              4        4        C        8       0
                text27                              448      448       45        2       0
                text26                              50C      50C       31        2       0
                text25                              53D      53D       2B        2       0
                text24                              5EB      5EB        D        2       0
                text23                              568      568       22        2       0
                text22                              630      630        7        2       0
                text21                              618      618        9        2       0
                text20                              5CE      5CE       10        2       0
                text19                              643      643        6        2       0
                text18                              604      604        B        2       0
                text17                              63D      63D        6        2       0
                text16                              637      637        6        2       0
                text15                              5A5      5A5       16        2       0
                text14                              629      629        7        2       0
                text13                              5BB      5BB       13        2       0
                text12                              60F      60F        9        2       0
                text11                              58A      58A       1B        2       0
                text10                              4CE      4CE       3E        2       0
                text9                               216      216       8F        2       0
                text8                               48D      48D       41        2       0
                text7                               3A7      3A7       56        2       0
                text6                               351      351       56        2       0
                text5                               2FB      2FB       56        2       0
                text4                               2A5      2A5       56        2       0
                text3                               5DE      5DE        D        2       0
                text2                               3FD      3FD       4B        2       0
                text1                               5F8      5F8        C        2       0
                maintext                            108      108      10E        2       0
                cstackBANK0                          20       20       38       20       1
                cstackCOMMON                         70       70        D       70       1
                clrtext                             621      621        8        2       0
                bssBANK1                             A0       A0        B       A0       1
                bssBANK0                             58       58       11       20       1
                dataCOMMON                           7D       7D        1       70       1
                nvBANK0                              69       69        1       20       1
                idataCOMMON                         649      649        1        2       0

TOTAL           Name                               Link     Load   Length     Space
        CLASS   STACK          

        CLASS   CODE           
                end_init                             10       10        1         0
                cinit                                11       11        D         0
                functab                             100      100        8         0
                intentry                              4        4        C         0
                reset_vec                             0        0        1         0
                text27                              448      448       45         0
                text26                              50C      50C       31         0
                text25                              53D      53D       2B         0
                text24                              5EB      5EB        D         0
                text23                              568      568       22         0
                text22                              630      630        7         0
                text21                              618      618        9         0
                text20                              5CE      5CE       10         0
                text19                              643      643        6         0
                text18                              604      604        B         0
                text17                              63D      63D        6         0
                text16                              637      637        6         0
                text15                              5A5      5A5       16         0
                text14                              629      629        7         0
                text13                              5BB      5BB       13         0
                text12                              60F      60F        9         0
                text11                              58A      58A       1B         0
                text10                              4CE      4CE       3E         0
                text9                               216      216       8F         0
                text8                               48D      48D       41         0
                text7                               3A7      3A7       56         0
                text6                               351      351       56         0
                text5                               2FB      2FB       56         0
                text4                               2A5      2A5       56         0
                text3                               5DE      5DE        D         0
                text2                               3FD      3FD       4B         0
                text1                               5F8      5F8        C         0
                maintext                            108      108      10E         0
                clrtext                             621      621        8         0
                idataCOMMON                         649      649        1         0

        CLASS   STRCODE        

        CLASS   STRING         

        CLASS   CONST          

        CLASS   ENTRY          

        CLASS   COMMON         
                cstackCOMMON                         70       70        D         1
                dataCOMMON                           7D       7D        1         1

        CLASS   BANK0          
                cstackBANK0                          20       20       38         1
                bssBANK0                             58       58       11         1
                nvBANK0                              69       69        1         1

        CLASS   BANK1          
                bssBANK1                             A0       A0        B         1

        CLASS   RAM            

        CLASS   ABS1           
                abs_s1                               7E       7E        2         1

        CLASS   SFR0           

        CLASS   SFR1           

        CLASS   SFR2           

        CLASS   SFR3           

        CLASS   CONFIG         
                config                             2007     2007        2         0

        CLASS   IDLOC          

        CLASS   EEDATA         

        CLASS   BANK3          

        CLASS   BANK2          



SEGMENTS        Name                           Load    Length   Top    Selector   Space  Class     Delta

                reset_vec                      000000  000001  000001         0       0  CODE        2
                intentry                       000004  00001A  00001E         8       0  CODE        2
                cstackBANK0                    000020  00004A  00006A        20       1  BANK0       1
                cstackCOMMON                   000070  00000E  00007E        70       1  COMMON      1
                bssBANK1                       0000A0  00000B  0000AB        A0       1  BANK1       1
                functab                        000100  00054A  00064A         2       0  CODE        2
                config                         002007  000002  002009      400E       0  CONFIG      2


UNUSED ADDRESS RANGES

        Name                Unused          Largest block    Delta
        BANK0            006A-006F              6           1
        BANK1            00AB-00BF             15           1
        CODE             0001-0003              3           2
                         001E-00FF             E2
                         064A-07FF            1B6
        CONST            0001-0003              3           2
                         001E-00FF             E2
                         064A-07FF             B6
        EEDATA           2100-217F             80           2
        ENTRY            0001-0003              3           2
                         001E-00FF             E2
                         064A-07FF             B6
        IDLOC            2000-2003              4           2
        RAM              006A-006F              6           1
                         00AB-00BF             15
        SFR0             0000-001F             20           1
        SFR1             0080-009F             20           1
        SFR2             0100-016F             70           1
        SFR3             0180-01EF             70           1
        STACK            00AB-00BF             15           1
        STRCODE          0001-0003              3           2
                         001E-00FF             E2
                         064A-07FF            1B6
        STRING           0001-0003              3           2
                         001E-00FF             E2
                         064A-07FF             B6

                                  Symbol Table

?___aldiv                         cstackBANK0  002D
?___lmul                          cstackBANK0  0020
?___lwdiv                         cstackBANK0  0020
?_get_average                     cstackBANK0  003C
?_get_averageX                    cstackBANK0  003C
?_get_averageY                    cstackBANK0  003C
?_get_averageZ                    cstackBANK0  003C
E_Read@addr                       cstackBANK0  0022
E_Read@ch                         cstackBANK0  0025
E_Write@addr                      cstackBANK0  0021
E_Write@ch                        cstackBANK0  0023
Get_CRC8@CRC                      cstackCOMMON 0076
Get_CRC8@Data                     cstackCOMMON 0073
Get_CRC8@DataIndex                cstackCOMMON 0074
Get_CRC8@DataSize                 cstackCOMMON 0070
Get_CRC8@bitIndex                 cstackCOMMON 0075
I2CRead@temp                      cstackBANK0  0021
I2CSend@dat                       cstackBANK0  0020
UART_vidSend@Len                  cstackCOMMON 0070
UART_vidSend@UART_u16Index        cstackCOMMON 0074
UART_vidSend@data                 cstackCOMMON 0073
_ACKDT                            (abs)        048D
_ACKEN                            (abs)        048C
_ADCON0                           (abs)        001F
_ANSEL                            (abs)        0188
_AVG                              bssBANK0     0060
_BF                               (abs)        04A0
_BRGH                             (abs)        04C2
_CREN                             (abs)        00C4
_Data_Buffer                      bssBANK1     00A0
_ECU_ID                           nvBANK0      0069
_E_Read                           text15       05A5
_E_Write                          text3        05DE
_FinishBuffer                     text27       0448
_GIE                              (abs)        005F
_Get_CRC8                         text26       050C
_I2CAck                           text14       0629
_I2CInit                          text13       05BB
_I2CNak                           text22       0630
_I2CRead                          text20       05CE
_I2CRestart                       text19       0643
_I2CSend                          text18       0604
_I2CStart                         text17       063D
_I2CStop                          text16       0637
_I2CWait                          text21       0618
_PEIE                             (abs)        005E
_PEN                              (abs)        048A
_PIR1bits                         (abs)        000C
_PIR2bits                         (abs)        000D
_RC0                              (abs)        0038
_RCEN                             (abs)        048B
_RCIE                             (abs)        0465
_RCIF                             (abs)        0065
_RCREG                            (abs)        001A
_RS845_ManageState                text24       05EB
_RSEN                             (abs)        0489
_SEN                              (abs)        0488
_SPBRG                            (abs)        0099
_SPEN                             (abs)        00C7
_SSPADD                           (abs)        0093
_SSPBUF                           (abs)        0013
_SSPCON                           (abs)        0014
_SSPCON2                          (abs)        0091
_SSPSTAT                          (abs)        0094
_SYNC                             (abs)        04C4
_TRISA                            (abs)        0085
_TRISC0                           (abs)        0438
_TRISC6                           (abs)        043E
_TRISC7                           (abs)        043F
_TRISCbits                        (abs)        0087
_TXEN                             (abs)        04C5
_TXREG                            (abs)        0019
_UART_u8GetNodeID                 text12       060F
_UART_vidInit                     text11       058A
_UART_vidNewDataReceived          text23       0568
_UART_vidSend                     text25       053D
_XAVG                             bssBANK0     0066
_YAVG                             bssBANK0     0064
_ZAVG                             bssBANK0     0062
__CFG_BOR4V$BOR40V                (abs)        0000
__CFG_BOREN$OFF                   (abs)        0000
__CFG_CP$OFF                      (abs)        0000
__CFG_CPD$OFF                     (abs)        0000
__CFG_FCMEN$OFF                   (abs)        0000
__CFG_FOSC$HS                     (abs)        0000
__CFG_IESO$OFF                    (abs)        0000
__CFG_LVP$OFF                     (abs)        0000
__CFG_MCLRE$OFF                   (abs)        0000
__CFG_PWRTE$OFF                   (abs)        0000
__CFG_WDTE$OFF                    (abs)        0000
__CFG_WRT$OFF                     (abs)        0000
__Habs1                           abs1         0000
__Hbank0                          bank0        0000
__Hbank1                          bank1        0000
__Hbank2                          bank2        0000
__Hbank3                          bank3        0000
__HbssBANK0                       bssBANK0     0000
__HbssBANK1                       bssBANK1     0000
__Hcinit                          cinit        001E
__Hclrtext                        clrtext      0000
__Hcode                           code         0000
__Hcommon                         common       0000
__Hconfig                         config       2009
__HcstackBANK0                    cstackBANK0  0000
__HcstackCOMMON                   cstackCOMMON 0000
__HdataCOMMON                     dataCOMMON   0000
__Heeprom_data                    eeprom_data  0000
__Hend_init                       end_init     0011
__Hfunctab                        functab      0108
__HidataCOMMON                    idataCOMMON  0000
__Hidloc                          idloc        0000
__Hinit                           init         0010
__Hintentry                       intentry     0010
__Hmaintext                       maintext     0000
__HnvBANK0                        nvBANK0      0000
__Hpowerup                        powerup      0000
__Hram                            ram          0000
__Hreset_vec                      reset_vec    0001
__Hsfr0                           sfr0         0000
__Hsfr1                           sfr1         0000
__Hsfr2                           sfr2         0000
__Hsfr3                           sfr3         0000
__Hspace_0                        (abs)        2009
__Hspace_1                        (abs)        00AB
__Hspace_2                        (abs)        0000
__Hspace_3                        (abs)        0000
__Hstack                          stack        0000
__Hstrings                        strings      0000
__Htext                           text         0000
__Labs1                           abs1         0000
__Lbank0                          bank0        0000
__Lbank1                          bank1        0000
__Lbank2                          bank2        0000
__Lbank3                          bank3        0000
__LbssBANK0                       bssBANK0     0000
__LbssBANK1                       bssBANK1     0000
__Lcinit                          cinit        0011
__Lclrtext                        clrtext      0000
__Lcode                           code         0000
__Lcommon                         common       0000
__Lconfig                         config       2007
__LcstackBANK0                    cstackBANK0  0000
__LcstackCOMMON                   cstackCOMMON 0000
__LdataCOMMON                     dataCOMMON   0000
__Leeprom_data                    eeprom_data  0000
__Lend_init                       end_init     0010
__Lfunctab                        functab      0100
__LidataCOMMON                    idataCOMMON  0000
__Lidloc                          idloc        0000
__Linit                           init         0010
__Lintentry                       intentry     0004
__Lmaintext                       maintext     0000
__LnvBANK0                        nvBANK0      0000
__Lpowerup                        powerup      0000
__Lram                            ram          0000
__Lreset_vec                      reset_vec    0000
__Lsfr0                           sfr0         0000
__Lsfr1                           sfr1         0000
__Lsfr2                           sfr2         0000
__Lsfr3                           sfr3         0000
__Lspace_0                        (abs)        0000
__Lspace_1                        (abs)        0000
__Lspace_2                        (abs)        0000
__Lspace_3                        (abs)        0000
__Lstack                          stack        0000
__Lstrings                        strings      0000
__Ltext                           text         0000
__S0                              (abs)        2009
__S1                              (abs)        00AB
__S2                              (abs)        0000
__S3                              (abs)        0000
___aldiv                          text9        0216
___aldiv@counter                  cstackBANK0  0036
___aldiv@dividend                 cstackBANK0  0031
___aldiv@divisor                  cstackBANK0  002D
___aldiv@quotient                 cstackBANK0  0038
___aldiv@sign                     cstackBANK0  0037
___int_sp                         stack        0000
___latbits                        (abs)        0000
___lmul                           text8        048D
___lmul@multiplicand              cstackBANK0  0024
___lmul@multiplier                cstackBANK0  0020
___lmul@product                   cstackBANK0  0029
___lwdiv                          text10       04CE
___lwdiv@counter                  cstackBANK0  0027
___lwdiv@dividend                 cstackBANK0  0022
___lwdiv@divisor                  cstackBANK0  0020
___lwdiv@quotient                 cstackBANK0  0025
___sp                             stack        0000
__end_of_E_Read                   text15       05BB
__end_of_E_Write                  text3        05EB
__end_of_FinishBuffer             text27       048D
__end_of_Get_CRC8                 text26       053D
__end_of_I2CAck                   text14       0630
__end_of_I2CInit                  text13       05CE
__end_of_I2CNak                   text22       0637
__end_of_I2CRead                  text20       05DE
__end_of_I2CRestart               text19       0649
__end_of_I2CSend                  text18       060F
__end_of_I2CStart                 text17       0643
__end_of_I2CStop                  text16       063D
__end_of_I2CWait                  text21       0621
__end_of_RS845_ManageState        text24       05F8
__end_of_UART_u8GetNodeID         text12       0618
__end_of_UART_vidInit             text11       05A5
__end_of_UART_vidNewDataReceived  text23       058A
__end_of_UART_vidSend             text25       0568
__end_of___aldiv                  text9        02A5
__end_of___lmul                   text8        04CE
__end_of___lwdiv                  text10       050C
__end_of__i1fptable               functab      0108
__end_of__initialization          cinit        001C
__end_of_get_average              text7        03FD
__end_of_get_averageX             text6        03A7
__end_of_get_averageY             text5        0351
__end_of_get_averageZ             text4        02FB
__end_of_ini_adxl345              text2        0448
__end_of_main                     maintext     0216
__end_of_system_init              text1        0604
__i1fptable                       functab      0101
__initialization                  cinit        0011
__pbssBANK0                       bssBANK0     0058
__pbssBANK1                       bssBANK1     00A0
__pcstackBANK0                    cstackBANK0  0020
__pcstackCOMMON                   cstackCOMMON 0070
__pdataCOMMON                     dataCOMMON   007D
__pfunctab                        functab      0100
__pidataCOMMON                    idataCOMMON  0649
__pintentry                       intentry     0004
__pmaintext                       maintext     0108
__pnvBANK0                        nvBANK0      0069
__ptext1                          text1        05F8
__ptext10                         text10       04CE
__ptext11                         text11       058A
__ptext12                         text12       060F
__ptext13                         text13       05BB
__ptext14                         text14       0629
__ptext15                         text15       05A5
__ptext16                         text16       0637
__ptext17                         text17       063D
__ptext18                         text18       0604
__ptext19                         text19       0643
__ptext2                          text2        03FD
__ptext20                         text20       05CE
__ptext21                         text21       0618
__ptext22                         text22       0630
__ptext23                         text23       0568
__ptext24                         text24       05EB
__ptext25                         text25       053D
__ptext26                         text26       050C
__ptext27                         text27       0448
__ptext3                          text3        05DE
__ptext4                          text4        02A5
__ptext5                          text5        02FB
__ptext6                          text6        0351
__ptext7                          text7        03A7
__ptext8                          text8        048D
__ptext9                          text9        0216
__size_of_E_Read                  (abs)        0000
__size_of_E_Write                 (abs)        0000
__size_of_FinishBuffer            (abs)        0000
__size_of_Get_CRC8                (abs)        0000
__size_of_I2CAck                  (abs)        0000
__size_of_I2CInit                 (abs)        0000
__size_of_I2CNak                  (abs)        0000
__size_of_I2CRead                 (abs)        0000
__size_of_I2CRestart              (abs)        0000
__size_of_I2CSend                 (abs)        0000
__size_of_I2CStart                (abs)        0000
__size_of_I2CStop                 (abs)        0000
__size_of_I2CWait                 (abs)        0000
__size_of_RS845_ManageState       (abs)        0000
__size_of_UART_u8GetNodeID        (abs)        0000
__size_of_UART_vidInit            (abs)        0000
__size_of_UART_vidNewDataReceived (abs)        0000
__size_of_UART_vidSend            (abs)        0000
__size_of___aldiv                 (abs)        0000
__size_of___lmul                  (abs)        0000
__size_of___lwdiv                 (abs)        0000
__size_of__i1fptable              (abs)        0000
__size_of_get_average             (abs)        0000
__size_of_get_averageX            (abs)        0000
__size_of_get_averageY            (abs)        0000
__size_of_get_averageZ            (abs)        0000
__size_of_ini_adxl345             (abs)        0000
__size_of_main                    (abs)        0000
__size_of_system_init             (abs)        0000
_get_average                      text7        03A7
_get_averageX                     text6        0351
_get_averageY                     text5        02FB
_get_averageZ                     text4        02A5
_ini_adxl345                      text2        03FD
_main                             maintext     0108
_ptrFinishBuffer                  dataCOMMON   007D
_system_init                      text1        05F8
btemp                             (abs)        007E
clear_ram0                        clrtext      0621
end_of_initialization             cinit        001C
fpbase                            (abs)        0000
fptable                           functab      0100
fptotal                           (abs)        0000
get_average@Data                  cstackBANK0  003C
get_average@OutPut                bssBANK0     0058
get_averageX@Data                 cstackBANK0  003C
get_averageX@OutPut               bssBANK0     005E
get_averageY@Data                 cstackBANK0  003C
get_averageY@OutPut               bssBANK0     005C
get_averageZ@Data                 cstackBANK0  003C
get_averageZ@OutPut               bssBANK0     005A
i1fpbase                          functab      0106
i1fptable                         functab      0101
i1fptotal                         (abs)        0002
interrupt_function                intentry     0004
intlevel0                         functab      0100
intlevel1                         functab      0100
intlevel2                         functab      0100
intlevel3                         functab      0100
intlevel4                         functab      0100
intlevel5                         functab      0100
main@X                            cstackBANK0  004C
main@XH                           cstackBANK0  0053
main@XL                           cstackBANK0  0052
main@Y                            cstackBANK0  004E
main@YH                           cstackBANK0  0054
main@YL                           cstackBANK0  0055
main@Z                            cstackBANK0  0050
main@ZH                           cstackBANK0  0056
main@ZL                           cstackBANK0  0057
main@bw_rate                      cstackBANK0  004A
main@id                           cstackBANK0  0046
main@pow                          cstackBANK0  0048
reset_vec                         reset_vec    0000
saved_w                           (abs)        007E
stackhi                           (abs)        0000
stacklo                           (abs)        0000
start                             init         0010
start_initialization              cinit        0011
wtemp0                            (abs)        007E


FUNCTION INFORMATION:

 *************** function _main *****************
 Defined at:
		line 25 in file "main.c"
 Parameters:    Size  Location     Type
		None
 Auto vars:     Size  Location     Type
  Z               2   48[BANK0 ] short 
  Y               2   46[BANK0 ] short 
  X               2   44[BANK0 ] short 
  bw_rate         2   42[BANK0 ] int 
  pow             2   40[BANK0 ] int 
  id              2   38[BANK0 ] int 
  ZL              1   55[BANK0 ] unsigned char 
  ZH              1   54[BANK0 ] unsigned char 
  YL              1   53[BANK0 ] unsigned char 
  YH              1   52[BANK0 ] unsigned char 
  XH              1   51[BANK0 ] unsigned char 
  XL              1   50[BANK0 ] unsigned char 
 Return value:  Size  Location     Type
                  1    wreg      void 
 Registers used:
		wreg, status,2, status,0, btemp+1, pclath, cstack
 Tracked objects:
		On entry : 
		On exit  : 
		Unchanged: 
 Data sizes:     COMMON   BANK0   BANK1
      Params:         0       0       0
      Locals:         0      18       0
      Temps:          0       4       0
      Totals:         0      22       0
Total ram usage:       22 bytes
 Hardware stack levels required when called:    7
 This function calls:
		_E_Read
		_I2CAck
		_I2CInit
		_I2CNak
		_I2CRead
		_I2CRestart
		_I2CSend
		_I2CStart
		_I2CStop
		_UART_vidInit
		___lwdiv
		_get_average
		_get_averageX
		_get_averageY
		_get_averageZ
		_ini_adxl345
		_system_init
 This function is called by:
		Startup code after reset
 This function uses a non-reentrant model


 *************** function _system_init *****************
 Defined at:
		line 16 in file "main.c"
 Parameters:    Size  Location     Type
		None
 Auto vars:     Size  Location     Type
		None
 Return value:  Size  Location     Type
                  1    wreg      void 
 Registers used:
		wreg, status,2
 Tracked objects:
		On entry : 
		On exit  : 
		Unchanged: 
 Data sizes:     COMMON   BANK0   BANK1
      Params:         0       0       0
      Locals:         0       0       0
      Temps:          0       0       0
      Totals:         0       0       0
Total ram usage:        0 bytes
 Hardware stack levels used:    1
 Hardware stack levels required when called:    3
 This function calls:
		Nothing
 This function is called by:
		_main
 This function uses a non-reentrant model


 *************** function _ini_adxl345 *****************
 Defined at:
		line 6 in file "ADXL_m.c"
 Parameters:    Size  Location     Type
		None
 Auto vars:     Size  Location     Type
		None
 Return value:  Size  Location     Type
                  1    wreg      void 
 Registers used:
		wreg, status,2, status,0, pclath, cstack
 Tracked objects:
		On entry : 
		On exit  : 
		Unchanged: 
 Data sizes:     COMMON   BANK0   BANK1
      Params:         0       0       0
      Locals:         0       0       0
      Temps:          0       2       0
      Totals:         0       2       0
Total ram usage:        2 bytes
 Hardware stack levels used:    1
 Hardware stack levels required when called:    6
 This function calls:
		_E_Write
 This function is called by:
		_main
 This function uses a non-reentrant model


 *************** function _E_Write *****************
 Defined at:
		line 154 in file "ADXL_m.c"
 Parameters:    Size  Location     Type
  addr            2    1[BANK0 ] int 
  ch              1    3[BANK0 ] unsigned char 
 Auto vars:     Size  Location     Type
		None
 Return value:  Size  Location     Type
                  1    wreg      unsigned char 
 Registers used:
		wreg, status,2, status,0, pclath, cstack
 Tracked objects:
		On entry : 
		On exit  : 
		Unchanged: 
 Data sizes:     COMMON   BANK0   BANK1
      Params:         0       3       0
      Locals:         0       0       0
      Temps:          0       0       0
      Totals:         0       3       0
Total ram usage:        3 bytes
 Hardware stack levels used:    1
 Hardware stack levels required when called:    5
 This function calls:
		_I2CSend
		_I2CStart
		_I2CStop
 This function is called by:
		_ini_adxl345
 This function uses a non-reentrant model


 *************** function _get_averageZ *****************
 Defined at:
		line 25 in file "average_calculations.c"
 Parameters:    Size  Location     Type
  Data            2   28[BANK0 ] short 
 Auto vars:     Size  Location     Type
		None
 Return value:  Size  Location     Type
                  2   28[BANK0 ] short 
 Registers used:
		wreg, status,2, status,0, pclath, cstack
 Tracked objects:
		On entry : 
		On exit  : 
		Unchanged: 
 Data sizes:     COMMON   BANK0   BANK1
      Params:         0       2       0
      Locals:         0       0       0
      Temps:          0       4       0
      Totals:         0       6       0
Total ram usage:        6 bytes
 Hardware stack levels used:    1
 Hardware stack levels required when called:    4
 This function calls:
		___aldiv
		___lmul
 This function is called by:
		_main
 This function uses a non-reentrant model


 *************** function _get_averageY *****************
 Defined at:
		line 19 in file "average_calculations.c"
 Parameters:    Size  Location     Type
  Data            2   28[BANK0 ] short 
 Auto vars:     Size  Location     Type
		None
 Return value:  Size  Location     Type
                  2   28[BANK0 ] short 
 Registers used:
		wreg, status,2, status,0, pclath, cstack
 Tracked objects:
		On entry : 
		On exit  : 
		Unchanged: 
 Data sizes:     COMMON   BANK0   BANK1
      Params:         0       2       0
      Locals:         0       0       0
      Temps:          0       4       0
      Totals:         0       6       0
Total ram usage:        6 bytes
 Hardware stack levels used:    1
 Hardware stack levels required when called:    4
 This function calls:
		___aldiv
		___lmul
 This function is called by:
		_main
 This function uses a non-reentrant model


 *************** function _get_averageX *****************
 Defined at:
		line 13 in file "average_calculations.c"
 Parameters:    Size  Location     Type
  Data            2   28[BANK0 ] short 
 Auto vars:     Size  Location     Type
		None
 Return value:  Size  Location     Type
                  2   28[BANK0 ] short 
 Registers used:
		wreg, status,2, status,0, pclath, cstack
 Tracked objects:
		On entry : 
		On exit  : 
		Unchanged: 
 Data sizes:     COMMON   BANK0   BANK1
      Params:         0       2       0
      Locals:         0       0       0
      Temps:          0       4       0
      Totals:         0       6       0
Total ram usage:        6 bytes
 Hardware stack levels used:    1
 Hardware stack levels required when called:    4
 This function calls:
		___aldiv
		___lmul
 This function is called by:
		_main
 This function uses a non-reentrant model


 *************** function _get_average *****************
 Defined at:
		line 32 in file "average_calculations.c"
 Parameters:    Size  Location     Type
  Data            2   28[BANK0 ] short 
 Auto vars:     Size  Location     Type
		None
 Return value:  Size  Location     Type
                  2   28[BANK0 ] short 
 Registers used:
		wreg, status,2, status,0, pclath, cstack
 Tracked objects:
		On entry : 
		On exit  : 
		Unchanged: 
 Data sizes:     COMMON   BANK0   BANK1
      Params:         0       2       0
      Locals:         0       0       0
      Temps:          0       4       0
      Totals:         0       6       0
Total ram usage:        6 bytes
 Hardware stack levels used:    1
 Hardware stack levels required when called:    4
 This function calls:
		___aldiv
		___lmul
 This function is called by:
		_main
 This function uses a non-reentrant model


 *************** function ___lmul *****************
 Defined at:
		line 15 in file "C:\Program Files (x86)\Microchip\xc8\v1.41\sources\common\Umul32.c"
 Parameters:    Size  Location     Type
  multiplier      4    0[BANK0 ] unsigned long 
  multiplicand    4    4[BANK0 ] unsigned long 
 Auto vars:     Size  Location     Type
  product         4    9[BANK0 ] unsigned long 
 Return value:  Size  Location     Type
                  4    0[BANK0 ] unsigned long 
 Registers used:
		wreg, status,2, status,0
 Tracked objects:
		On entry : 
		On exit  : 
		Unchanged: 
 Data sizes:     COMMON   BANK0   BANK1
      Params:         0       8       0
      Locals:         0       4       0
      Temps:          0       1       0
      Totals:         0      13       0
Total ram usage:       13 bytes
 Hardware stack levels used:    1
 Hardware stack levels required when called:    3
 This function calls:
		Nothing
 This function is called by:
		_get_averageX
		_get_averageY
		_get_averageZ
		_get_average
 This function uses a non-reentrant model


 *************** function ___aldiv *****************
 Defined at:
		line 6 in file "C:\Program Files (x86)\Microchip\xc8\v1.41\sources\common\aldiv.c"
 Parameters:    Size  Location     Type
  divisor         4   13[BANK0 ] long 
  dividend        4   17[BANK0 ] long 
 Auto vars:     Size  Location     Type
  quotient        4   24[BANK0 ] long 
  sign            1   23[BANK0 ] unsigned char 
  counter         1   22[BANK0 ] unsigned char 
 Return value:  Size  Location     Type
                  4   13[BANK0 ] long 
 Registers used:
		wreg, status,2, status,0
 Tracked objects:
		On entry : 
		On exit  : 
		Unchanged: 
 Data sizes:     COMMON   BANK0   BANK1
      Params:         0       8       0
      Locals:         0       6       0
      Temps:          0       1       0
      Totals:         0      15       0
Total ram usage:       15 bytes
 Hardware stack levels used:    1
 Hardware stack levels required when called:    3
 This function calls:
		Nothing
 This function is called by:
		_get_averageX
		_get_averageY
		_get_averageZ
		_get_average
 This function uses a non-reentrant model


 *************** function ___lwdiv *****************
 Defined at:
		line 6 in file "C:\Program Files (x86)\Microchip\xc8\v1.41\sources\common\lwdiv.c"
 Parameters:    Size  Location     Type
  divisor         2    0[BANK0 ] unsigned int 
  dividend        2    2[BANK0 ] unsigned int 
 Auto vars:     Size  Location     Type
  quotient        2    5[BANK0 ] unsigned int 
  counter         1    7[BANK0 ] unsigned char 
 Return value:  Size  Location     Type
                  2    0[BANK0 ] unsigned int 
 Registers used:
		wreg, status,2, status,0
 Tracked objects:
		On entry : 
		On exit  : 
		Unchanged: 
 Data sizes:     COMMON   BANK0   BANK1
      Params:         0       4       0
      Locals:         0       3       0
      Temps:          0       1       0
      Totals:         0       8       0
Total ram usage:        8 bytes
 Hardware stack levels used:    1
 Hardware stack levels required when called:    3
 This function calls:
		Nothing
 This function is called by:
		_main
 This function uses a non-reentrant model


 *************** function _UART_vidInit *****************
 Defined at:
		line 18 in file "UART_m.c"
 Parameters:    Size  Location     Type
		None
 Auto vars:     Size  Location     Type
		None
 Return value:  Size  Location     Type
                  1    wreg      void 
 Registers used:
		wreg, status,2, status,0, pclath, cstack
 Tracked objects:
		On entry : 
		On exit  : 
		Unchanged: 
 Data sizes:     COMMON   BANK0   BANK1
      Params:         0       0       0
      Locals:         0       0       0
      Temps:          0       1       0
      Totals:         0       1       0
Total ram usage:        1 bytes
 Hardware stack levels used:    1
 Hardware stack levels required when called:    4
 This function calls:
		_UART_u8GetNodeID
 This function is called by:
		_main
 This function uses a non-reentrant model


 *************** function _UART_u8GetNodeID *****************
 Defined at:
		line 76 in file "UART_m.c"
 Parameters:    Size  Location     Type
		None
 Auto vars:     Size  Location     Type
		None
 Return value:  Size  Location     Type
                  1    wreg      unsigned char 
 Registers used:
		wreg, status,2, status,0
 Tracked objects:
		On entry : 
		On exit  : 
		Unchanged: 
 Data sizes:     COMMON   BANK0   BANK1
      Params:         0       0       0
      Locals:         0       0       0
      Temps:          0       0       0
      Totals:         0       0       0
Total ram usage:        0 bytes
 Hardware stack levels used:    1
 Hardware stack levels required when called:    3
 This function calls:
		Nothing
 This function is called by:
		_UART_vidInit
 This function uses a non-reentrant model


 *************** function _I2CInit *****************
 Defined at:
		line 23 in file "ADXL_m.c"
 Parameters:    Size  Location     Type
		None
 Auto vars:     Size  Location     Type
		None
 Return value:  Size  Location     Type
                  1    wreg      void 
 Registers used:
		wreg, status,2
 Tracked objects:
		On entry : 
		On exit  : 
		Unchanged: 
 Data sizes:     COMMON   BANK0   BANK1
      Params:         0       0       0
      Locals:         0       0       0
      Temps:          0       0       0
      Totals:         0       0       0
Total ram usage:        0 bytes
 Hardware stack levels used:    1
 Hardware stack levels required when called:    3
 This function calls:
		Nothing
 This function is called by:
		_main
 This function uses a non-reentrant model


 *************** function _I2CAck *****************
 Defined at:
		line 89 in file "ADXL_m.c"
 Parameters:    Size  Location     Type
		None
 Auto vars:     Size  Location     Type
		None
 Return value:  Size  Location     Type
                  1    wreg      void 
 Registers used:
		None
 Tracked objects:
		On entry : 
		On exit  : 
		Unchanged: 
 Data sizes:     COMMON   BANK0   BANK1
      Params:         0       0       0
      Locals:         0       0       0
      Temps:          0       0       0
      Totals:         0       0       0
Total ram usage:        0 bytes
 Hardware stack levels used:    1
 Hardware stack levels required when called:    3
 This function calls:
		Nothing
 This function is called by:
		_main
 This function uses a non-reentrant model


 *************** function _E_Read *****************
 Defined at:
		line 171 in file "ADXL_m.c"
 Parameters:    Size  Location     Type
  addr            2    2[BANK0 ] int 
 Auto vars:     Size  Location     Type
  ch              1    5[BANK0 ] unsigned char 
 Return value:  Size  Location     Type
                  1    wreg      unsigned char 
 Registers used:
		wreg, status,2, status,0, pclath, cstack
 Tracked objects:
		On entry : 
		On exit  : 
		Unchanged: 
 Data sizes:     COMMON   BANK0   BANK1
      Params:         0       2       0
      Locals:         0       1       0
      Temps:          0       1       0
      Totals:         0       4       0
Total ram usage:        4 bytes
 Hardware stack levels used:    1
 Hardware stack levels required when called:    5
 This function calls:
		_I2CNak
		_I2CRead
		_I2CRestart
		_I2CSend
		_I2CStart
		_I2CStop
 This function is called by:
		_main
 This function uses a non-reentrant model


 *************** function _I2CStop *****************
 Defined at:
		line 64 in file "ADXL_m.c"
 Parameters:    Size  Location     Type
		None
 Auto vars:     Size  Location     Type
		None
 Return value:  Size  Location     Type
                  1    wreg      void 
 Registers used:
		None
 Tracked objects:
		On entry : 
		On exit  : 
		Unchanged: 
 Data sizes:     COMMON   BANK0   BANK1
      Params:         0       0       0
      Locals:         0       0       0
      Temps:          0       0       0
      Totals:         0       0       0
Total ram usage:        0 bytes
 Hardware stack levels used:    1
 Hardware stack levels required when called:    3
 This function calls:
		Nothing
 This function is called by:
		_main
		_E_Write
		_E_Read
 This function uses a non-reentrant model


 *************** function _I2CStart *****************
 Defined at:
		line 51 in file "ADXL_m.c"
 Parameters:    Size  Location     Type
		None
 Auto vars:     Size  Location     Type
		None
 Return value:  Size  Location     Type
                  1    wreg      void 
 Registers used:
		None
 Tracked objects:
		On entry : 
		On exit  : 
		Unchanged: 
 Data sizes:     COMMON   BANK0   BANK1
      Params:         0       0       0
      Locals:         0       0       0
      Temps:          0       0       0
      Totals:         0       0       0
Total ram usage:        0 bytes
 Hardware stack levels used:    1
 Hardware stack levels required when called:    3
 This function calls:
		Nothing
 This function is called by:
		_main
		_E_Write
		_E_Read
 This function uses a non-reentrant model


 *************** function _I2CSend *****************
 Defined at:
		line 128 in file "ADXL_m.c"
 Parameters:    Size  Location     Type
  dat             1    wreg     unsigned char 
 Auto vars:     Size  Location     Type
  dat             1    0[BANK0 ] unsigned char 
 Return value:  Size  Location     Type
                  1    wreg      void 
 Registers used:
		wreg, status,2, status,0, pclath, cstack
 Tracked objects:
		On entry : 
		On exit  : 
		Unchanged: 
 Data sizes:     COMMON   BANK0   BANK1
      Params:         0       0       0
      Locals:         0       1       0
      Temps:          0       0       0
      Totals:         0       1       0
Total ram usage:        1 bytes
 Hardware stack levels used:    1
 Hardware stack levels required when called:    4
 This function calls:
		_I2CWait
 This function is called by:
		_main
		_E_Write
		_E_Read
 This function uses a non-reentrant model


 *************** function _I2CRestart *****************
 Defined at:
		line 77 in file "ADXL_m.c"
 Parameters:    Size  Location     Type
		None
 Auto vars:     Size  Location     Type
		None
 Return value:  Size  Location     Type
                  1    wreg      void 
 Registers used:
		None
 Tracked objects:
		On entry : 
		On exit  : 
		Unchanged: 
 Data sizes:     COMMON   BANK0   BANK1
      Params:         0       0       0
      Locals:         0       0       0
      Temps:          0       0       0
      Totals:         0       0       0
Total ram usage:        0 bytes
 Hardware stack levels used:    1
 Hardware stack levels required when called:    3
 This function calls:
		Nothing
 This function is called by:
		_main
		_E_Read
 This function uses a non-reentrant model


 *************** function _I2CRead *****************
 Defined at:
		line 141 in file "ADXL_m.c"
 Parameters:    Size  Location     Type
		None
 Auto vars:     Size  Location     Type
  temp            1    1[BANK0 ] unsigned char 
 Return value:  Size  Location     Type
                  1    wreg      unsigned char 
 Registers used:
		wreg, status,2, status,0, pclath, cstack
 Tracked objects:
		On entry : 
		On exit  : 
		Unchanged: 
 Data sizes:     COMMON   BANK0   BANK1
      Params:         0       0       0
      Locals:         0       1       0
      Temps:          0       1       0
      Totals:         0       2       0
Total ram usage:        2 bytes
 Hardware stack levels used:    1
 Hardware stack levels required when called:    4
 This function calls:
		_I2CWait
 This function is called by:
		_main
		_E_Read
 This function uses a non-reentrant model


 *************** function _I2CWait *****************
 Defined at:
		line 115 in file "ADXL_m.c"
 Parameters:    Size  Location     Type
		None
 Auto vars:     Size  Location     Type
		None
 Return value:  Size  Location     Type
                  1    wreg      void 
 Registers used:
		wreg, status,2
 Tracked objects:
		On entry : 
		On exit  : 
		Unchanged: 
 Data sizes:     COMMON   BANK0   BANK1
      Params:         0       0       0
      Locals:         0       0       0
      Temps:          0       0       0
      Totals:         0       0       0
Total ram usage:        0 bytes
 Hardware stack levels used:    1
 Hardware stack levels required when called:    3
 This function calls:
		Nothing
 This function is called by:
		_I2CSend
		_I2CRead
 This function uses a non-reentrant model


 *************** function _I2CNak *****************
 Defined at:
		line 102 in file "ADXL_m.c"
 Parameters:    Size  Location     Type
		None
 Auto vars:     Size  Location     Type
		None
 Return value:  Size  Location     Type
                  1    wreg      void 
 Registers used:
		None
 Tracked objects:
		On entry : 
		On exit  : 
		Unchanged: 
 Data sizes:     COMMON   BANK0   BANK1
      Params:         0       0       0
      Locals:         0       0       0
      Temps:          0       0       0
      Totals:         0       0       0
Total ram usage:        0 bytes
 Hardware stack levels used:    1
 Hardware stack levels required when called:    3
 This function calls:
		Nothing
 This function is called by:
		_main
		_E_Read
 This function uses a non-reentrant model


 *************** function _UART_vidNewDataReceived *****************
 Defined at:
		line 35 in file "UART_m.c"
 Parameters:    Size  Location     Type
		None
 Auto vars:     Size  Location     Type
		None
 Return value:  Size  Location     Type
                  1    wreg      void 
 Registers used:
		wreg, fsr0l, fsr0h, status,2, status,0, pclath, cstack
 Tracked objects:
		On entry : 
		On exit  : 
		Unchanged: 
 Data sizes:     COMMON   BANK0   BANK1
      Params:         0       0       0
      Locals:         0       0       0
      Temps:          6       0       0
      Totals:         6       0       0
Total ram usage:        6 bytes
 Hardware stack levels used:    1
 Hardware stack levels required when called:    2
 This function calls:
		_FinishBuffer
		_Get_CRC8
		_RS845_ManageState
 This function is called by:
		Interrupt level 1
 This function uses a non-reentrant model


 *************** function _RS845_ManageState *****************
 Defined at:
		line 53 in file "UART_m.c"
 Parameters:    Size  Location     Type
		None
 Auto vars:     Size  Location     Type
		None
 Return value:  Size  Location     Type
                  1    wreg      void 
 Registers used:
		wreg, fsr0l, fsr0h, status,2, status,0, pclath, cstack
 Tracked objects:
		On entry : 
		On exit  : 
		Unchanged: 
 Data sizes:     COMMON   BANK0   BANK1
      Params:         0       0       0
      Locals:         0       0       0
      Temps:          0       0       0
      Totals:         0       0       0
Total ram usage:        0 bytes
 Hardware stack levels used:    1
 Hardware stack levels required when called:    1
 This function calls:
		_UART_vidSend
 This function is called by:
		_UART_vidNewDataReceived
 This function uses a non-reentrant model


 *************** function _UART_vidSend *****************
 Defined at:
		line 64 in file "UART_m.c"
 Parameters:    Size  Location     Type
  data            1    wreg     const PTR unsigned char 
		 -> Data_Buffer(11), 
  Len             2    0[COMMON] const unsigned short 
 Auto vars:     Size  Location     Type
  data            1    3[COMMON] const PTR unsigned char 
		 -> Data_Buffer(11), 
  UART_u16Inde    2    4[COMMON] unsigned short 
 Return value:  Size  Location     Type
                  1    wreg      void 
 Registers used:
		wreg, fsr0l, fsr0h, status,2, status,0
 Tracked objects:
		On entry : 
		On exit  : 
		Unchanged: 
 Data sizes:     COMMON   BANK0   BANK1
      Params:         2       0       0
      Locals:         3       0       0
      Temps:          1       0       0
      Totals:         6       0       0
Total ram usage:        6 bytes
 Hardware stack levels used:    1
 This function calls:
		Nothing
 This function is called by:
		_RS845_ManageState
 This function uses a non-reentrant model


 *************** function _Get_CRC8 *****************
 Defined at:
		line 10 in file "CRC8.c"
 Parameters:    Size  Location     Type
  Data            1    wreg     PTR unsigned char 
		 -> Data_Buffer(11), 
  DataSize        1    0[COMMON] unsigned char 
 Auto vars:     Size  Location     Type
  Data            1    3[COMMON] PTR unsigned char 
		 -> Data_Buffer(11), 
  CRC             1    6[COMMON] unsigned char 
  bitIndex        1    5[COMMON] unsigned char 
  DataIndex       1    4[COMMON] unsigned char 
 Return value:  Size  Location     Type
                  1    wreg      unsigned char 
 Registers used:
		wreg, fsr0l, fsr0h, status,2, status,0
 Tracked objects:
		On entry : 
		On exit  : 
		Unchanged: 
 Data sizes:     COMMON   BANK0   BANK1
      Params:         1       0       0
      Locals:         4       0       0
      Temps:          2       0       0
      Totals:         7       0       0
Total ram usage:        7 bytes
 Hardware stack levels used:    1
 This function calls:
		Nothing
 This function is called by:
		_UART_vidNewDataReceived
 This function uses a non-reentrant model


 *************** function _FinishBuffer *****************
 Defined at:
		line 82 in file "main.c"
 Parameters:    Size  Location     Type
		None
 Auto vars:     Size  Location     Type
		None
 Return value:  Size  Location     Type
                  1    wreg      void 
 Registers used:
		wreg, status,2
 Tracked objects:
		On entry : 
		On exit  : 
		Unchanged: 
 Data sizes:     COMMON   BANK0   BANK1
      Params:         0       0       0
      Locals:         0       0       0
      Temps:          1       0       0
      Totals:         1       0       0
Total ram usage:        1 bytes
 Hardware stack levels used:    1
 This function calls:
		Nothing
 This function is called by:
		_UART_vidNewDataReceived
 This function uses a non-reentrant model



MODULE INFORMATION

Module		Function		Class		Link	Load	Size
C:\Program Files (x86)\Microchip\xc8\v1.41\sources\common\lwdiv.c
		___lwdiv       		CODE           	04CE	0000	63

C:\Program Files (x86)\Microchip\xc8\v1.41\sources\common\lwdiv.c estimated size: 63

CRC8.c
		_Get_CRC8      		CODE           	050C	0000	50

CRC8.c estimated size: 50

C:\Program Files (x86)\Microchip\xc8\v1.41\sources\common\aldiv.c
		___aldiv       		CODE           	0216	0000	144

C:\Program Files (x86)\Microchip\xc8\v1.41\sources\common\aldiv.c estimated size: 144

ADXL_m.c
		_I2CNak        		CODE           	0630	0000	8
		_I2CStop       		CODE           	0637	0000	7
		_E_Read        		CODE           	05A5	0000	23
		_I2CAck        		CODE           	0629	0000	8
		_I2CRead       		CODE           	05CE	0000	17
		_I2CRestart    		CODE           	0643	0000	7
		_I2CStart      		CODE           	063D	0000	7
		_E_Write       		CODE           	05DE	0000	14
		_I2CWait       		CODE           	0618	0000	10
		_ini_adxl345   		CODE           	03FD	0000	76
		_I2CInit       		CODE           	05BB	0000	20
		_I2CSend       		CODE           	0604	0000	12

ADXL_m.c estimated size: 209

average_calculations.c
		_get_average   		CODE           	03A7	0000	87
		_get_averageX  		CODE           	0351	0000	87
		_get_averageY  		CODE           	02FB	0000	87
		_get_averageZ  		CODE           	02A5	0000	87

average_calculations.c estimated size: 348

UART_m.c
		_UART_u8GetNodeID		CODE           	060F	0000	10
		_UART_vidSend  		CODE           	053D	0000	44
		_UART_vidInit  		CODE           	058A	0000	28
		_RS845_ManageState		CODE           	05EB	0000	14
		_UART_vidNewDataReceived		CODE           	0568	0000	35

UART_m.c estimated size: 131

C:\Program Files (x86)\Microchip\xc8\v1.41\sources\common\Umul32.c
		___lmul        		CODE           	048D	0000	66

C:\Program Files (x86)\Microchip\xc8\v1.41\sources\common\Umul32.c estimated size: 66

shared
		__i1fptable    		CODE           	0101	0000	8
		__initialization		CODE           	0011	0000	12

shared estimated size: 20

main.c
		_system_init   		CODE           	05F8	0000	13
		_main          		CODE           	0108	0000	271
		_FinishBuffer  		CODE           	0448	0000	70

main.c estimated size: 354

